#-----------------------------------------------------------
# Vivado v2015.4 (64-bit)
# SW Build 1412921 on Wed Nov 18 09:43:45 MST 2015
# IP Build 1412160 on Tue Nov 17 13:47:24 MST 2015
# Start of session at: Sun Jul 17 18:28:55 2016
# Process ID: 7216
# Current directory: C:/Users/ecestudent/Documents/Research/Tincr/Import/Vivado_Checkpoints
# Command line: vivado.exe -gui_launcher_event rodinguilauncherevent10852 C:\Users\ecestudent\Documents\Research\Tincr\Import\Vivado_Checkpoints\canny.dcp
# Log file: C:/Users/ecestudent/Documents/Research/Tincr/Import/Vivado_Checkpoints/vivado.log
# Journal file: C:/Users/ecestudent/Documents/Research/Tincr/Import/Vivado_Checkpoints\vivado.jou
#-----------------------------------------------------------
start_gui
open_checkpoint {C:\Users\ecestudent\Documents\Research\Tincr\Import\Vivado_Checkpoints\canny.dcp}
source -notrace C:/Users/ecestudent/Documents/Research/Tincr/Scripts/pblock.tcl
set pblocks [group_cells_by_clock_domain]
get_cells -of [lindex $pblocks 2]
select [get_cells {data_in_IBUF[0]_inst}]
get_selected
report_property [get_cells {data_in_IBUF[0]_inst}]
set c [create_cell -reference IDELAYE2 c1]
report_property $c
set p4 [create_pblock p4]
add_cells_to_pblock $p4 [get_selected]
add_cells_to_pblock $p4 [get_cells -of [get_selected]]
remove_cells_from_pblock $p4
remove_cells_from_pblock $p4 *
get_cells -of $p4
add_cells_to_pblock $p4 [get_cells -of [get_selected]]
add_cells_to_pblock $p4 [get_cells -of [get_selected]]
add_cells_to_pblock $p4 [get_cells -of [get_selected]]
resize_pblock IOB_X0Y78:IOB_X0Y50 $p4
resize_pblock -add IOB_X0Y78:IOB_X0Y50 $p4
get_cells -of $p4
report_property $p4
get_tiles [get_sites {IOB_X0Y50:IOB_X0Y78}]
get_tiles -of [get_sites {IOB_X0Y50:IOB_X0Y78}]
set p5 [create_pblock p5]
resize_pblock -add ILOGIC_X0Y78:OLOGIC_X0Y50 $p5
resize_pblock -add ILOGIC_X0Y78:ILOGIC_X0Y50 $p5
get_sites -of $p5
get_sites -of $p0
get_sites -of $p1
get_sites -of [lindex pblocks 0]
get_sites -of [lindex $pblocks 0]
report_property [get_selected]
place_cell $c [get_selected]
puts $c
report_property $c
place_cell $c [get_selected]
report_property [get_selected]
report_property [get_selected]
set c2 [create_cell -reference FFCE c2]
set c2 [create_cell -reference FFDR c2]
get_lib_cells
set c2 [create_cell -reference FDRE c2]
place_cell $c2 [get_selected]
place_cell $c2 [get_selected]
set c3 [create_cell -reference IDDR_2CLK c3]
place_cell $c3 [get_selected_objects ]
report_property $c3
place_cell $c2 [get_selected]
set c4 [create_cell -reference IDDR c4]
place_cell $c4 [get_selected]
set c5 [create_cell -reference ODDR c5]
place_cell $c5 [get_selected]
report_property $c5
