#-----------------------------------------------------------
# Vivado v2015.4 (64-bit)
# SW Build 1412921 on Wed Nov 18 09:43:45 MST 2015
# IP Build 1412160 on Tue Nov 17 13:47:24 MST 2015
# Start of session at: Sun Jul 17 20:11:41 2016
# Process ID: 1444
# Current directory: C:/Users/ecestudent/Documents/Research/Tincr/Import/Vivado_Checkpoints
# Command line: vivado.exe -gui_launcher_event rodinguilauncherevent10740 C:\Users\ecestudent\Documents\Research\Tincr\Import\Vivado_Checkpoints\canny.dcp
# Log file: C:/Users/ecestudent/Documents/Research/Tincr/Import/Vivado_Checkpoints/vivado.log
# Journal file: C:/Users/ecestudent/Documents/Research/Tincr/Import/Vivado_Checkpoints\vivado.jou
#-----------------------------------------------------------
start_gui
open_checkpoint {C:\Users\ecestudent\Documents\Research\Tincr\Import\Vivado_Checkpoints\canny.dcp}
source -notrace C:/Users/ecestudent/Documents/Research/Tincr/Scripts/pblock.tcl
set pblocks [group_cells_by_clock_region]
get_cells [lindex $pblocks 0]
get_cells -of [lindex $pblocks 0]
select [get_cells -of [lindex $pblocks 0]]
select [get_cells -of [lindex $pblocks 2]]
write_edif -pblocks [lindex $pblocks 0] C:/Users/ecestudent/Documents/Research/Tincr/Scripts/test.edf
write_edif -force -pblocks [lindex $pblocks 0] C:/Users/ecestudent/Documents/Research/Tincr/Scripts/test.edf
write_edif -force C:/Users/ecestudent/Documents/Research/Tincr/Scripts/test.edf
write_edif -force -pblocks [lindex $pblocks 0] C:/Users/ecestudent/Documents/Research/Tincr/Scripts/test.edf
write_edif -force -pblocks [lindex $pblocks 0] C:/Users/ecestudent/Documents/Research/Tincr/Scripts
tincr::refresh_packages
tincr::write_placement_xdc -cells [get_cells -of [lindex $pblocks 0]] "tmp"
tincr::write_placement_xdc "tmp"
tincr::refresh_packages
tincr::write_placement_xdc -cells [get_cells -of [lindex $pblocks 0]] "tmp"
tincr::write_placement_xdc "tmp"
tincr::refresh_packages
tincr::write_placement_xdc "tmp"
get_nets -of [lindex $pblocks 0]
get_nets -of [get_cells -of [lindex $pblocks 0]]
source -notrace C:/Users/ecestudent/Documents/Research/Tincr/Scripts/pblock.tcl
get_internal_nets [lindex $pblocks 0]
get_internal_nets [lindex $pblocks 0]
source -notrace C:/Users/ecestudent/Documents/Research/Tincr/Scripts/pblock.tcl
get_internal_nets [lindex $pblocks 0]
source -notrace C:/Users/ecestudent/Documents/Research/Tincr/Scripts/pblock.tcl
get_internal_nets [lindex $pblocks 0]
source -notrace C:/Users/ecestudent/Documents/Research/Tincr/Scripts/pblock.tcl
get_internal_nets [lindex $pblocks 0]
source -notrace C:/Users/ecestudent/Documents/Research/Tincr/Scripts/pblock.tcl
set a [get_internal_nets [lindex $pblocks 0]]
::struct::set contains $a [get_selected ]
::struct::set contains $a [get_selected ]
::struct::set contains $a [get_selected ]
puts $a
foreach cell $cells {
		puts -nonewline "[::struct::set contains $cell_set $cell] "
	}
foreach cell [get_cells -of [lindex $pblocks 0]] {
    puts -nonewline "[::struct::set contains $cell_set $cell] "
}
foreach cell [get_cells -of [lindex $pblocks 0]] {
    puts -nonewline "[::struct::set contains $a $cell] "
}
::struct::set contains $a [get_selected]
::struct::set contains $a [get_cells {p7yb_reg[17]_i_1}]
get_cells -of [get_selected]
foreach cell [get_cells -of [get_selected]] {
    puts -nonewline "[::struct::set contains $a $cell] "
}
set_sites -of [lindex pblocks 0]
get_sites -of [lindex pblocks 0]
get_sites -of [lindex $pblocks 0]
